// Jest Snapshot v1, https://goo.gl/fbAQLP

exports[`TimePicker component snapshots renders snapshot for all props 
  startTime: "05:00 AM", endTime: "11:00 PM", showDuration: false, timeFormat: "12-Hour", error: false
 1`] = `
<body>
  <div
    data-floating-ui-portal=""
    id=":r2:"
  />
  <div
    data-floating-ui-portal=""
    id=":r8:"
  />
  <div
    data-floating-ui-portal=""
    id=":re:"
  />
  <div
    data-floating-ui-portal=""
    id=":rk:"
  />
  <div
    data-floating-ui-portal=""
    id=":rq:"
  />
  <div>
    <div
      class="Dropdown"
    >
      <div
        class="w-100"
      >
        <div
          aria-expanded="false"
          aria-haspopup="dialog"
<<<<<<< HEAD
          class="w-100"
=======
>>>>>>> b67de59a (feat: migration to react 19)
          data-state="closed"
          triggerclass="w-100"
        >
          <button
            class="Button DropdownButton DropdownButton--regular DropdownButton--placeholder"
            data-test="DesignSystem-DropdownTrigger"
            tabindex="0"
            type="button"
            value=""
          >
            <div
              class="DropdownButton-wrapper"
            >
              <span
                class="Text Text--regular DropdownButton-text"
              >
                Select
              </span>
            </div>
            <i
              class="material-symbols material-symbols-rounded Icon Icon--default"
              data-test="DesignSystem-Icon"
              role="button"
              style="font-size: 16px; width: 16px;"
            >
              keyboard_arrow_down
            </i>
          </button>
        </div>
      </div>
    </div>
  </div>
  <div
    data-floating-ui-portal=""
    id=":r10:"
  />
  <div
    data-floating-ui-portal=""
    id=":r13:"
  />
</body>
`;

exports[`TimePicker component snapshots renders snapshot for all props 
  startTime: "05:00 AM", endTime: "11:00 PM", showDuration: false, timeFormat: "12-Hour", error: true
 1`] = `
<body>
  <div
    data-floating-ui-portal=""
    id=":r2:"
  />
  <div
    data-floating-ui-portal=""
    id=":r8:"
  />
  <div
    data-floating-ui-portal=""
    id=":re:"
  />
  <div
    data-floating-ui-portal=""
    id=":rk:"
  />
  <div>
    <div
      class="Dropdown"
    >
      <div
        class="w-100"
      >
        <div
          aria-expanded="false"
          aria-haspopup="dialog"
<<<<<<< HEAD
          class="w-100"
=======
>>>>>>> b67de59a (feat: migration to react 19)
          data-state="closed"
          triggerclass="w-100"
        >
          <button
            class="Button DropdownButton DropdownButton--regular DropdownButton--placeholder DropdownButton--error"
            data-test="DesignSystem-DropdownTrigger"
            tabindex="0"
            type="button"
            value=""
          >
            <div
              class="DropdownButton-wrapper"
            >
              <span
                class="Text Text--regular DropdownButton-text"
              >
                Select
              </span>
            </div>
            <i
              class="material-symbols material-symbols-rounded Icon Icon--default"
              data-test="DesignSystem-Icon"
              role="button"
              style="font-size: 16px; width: 16px;"
            >
              keyboard_arrow_down
            </i>
          </button>
        </div>
      </div>
    </div>
  </div>
  <div
    data-floating-ui-portal=""
    id=":rq:"
  />
  <div
    data-floating-ui-portal=""
    id=":rt:"
  />
</body>
`;

exports[`TimePicker component snapshots renders snapshot for all props 
  startTime: "05:00 AM", endTime: "11:00 PM", showDuration: false, timeFormat: "24-Hour", error: false
 1`] = `
<body>
  <div
    data-floating-ui-portal=""
    id=":r2:"
  />
  <div
    data-floating-ui-portal=""
    id=":r8:"
  />
  <div
    data-floating-ui-portal=""
    id=":re:"
  />
  <div
    data-floating-ui-portal=""
    id=":rk:"
  />
  <div
    data-floating-ui-portal=""
    id=":rq:"
  />
  <div
    data-floating-ui-portal=""
    id=":r10:"
  />
  <div
    data-floating-ui-portal=""
    id=":r16:"
  />
  <div>
    <div
      class="Dropdown"
    >
      <div
        class="w-100"
      >
        <div
          aria-expanded="false"
          aria-haspopup="dialog"
<<<<<<< HEAD
          class="w-100"
=======
>>>>>>> b67de59a (feat: migration to react 19)
          data-state="closed"
          triggerclass="w-100"
        >
          <button
            class="Button DropdownButton DropdownButton--regular DropdownButton--placeholder"
            data-test="DesignSystem-DropdownTrigger"
            tabindex="0"
            type="button"
            value=""
          >
            <div
              class="DropdownButton-wrapper"
            >
              <span
                class="Text Text--regular DropdownButton-text"
              >
                Select
              </span>
            </div>
            <i
              class="material-symbols material-symbols-rounded Icon Icon--default"
              data-test="DesignSystem-Icon"
              role="button"
              style="font-size: 16px; width: 16px;"
            >
              keyboard_arrow_down
            </i>
          </button>
        </div>
      </div>
    </div>
  </div>
  <div
    data-floating-ui-portal=""
    id=":r1c:"
  />
  <div
    data-floating-ui-portal=""
    id=":r1f:"
  />
</body>
`;

exports[`TimePicker component snapshots renders snapshot for all props 
  startTime: "05:00 AM", endTime: "11:00 PM", showDuration: false, timeFormat: "24-Hour", error: true
 1`] = `
<body>
  <div
    data-floating-ui-portal=""
    id=":r2:"
  />
  <div
    data-floating-ui-portal=""
    id=":r8:"
  />
  <div
    data-floating-ui-portal=""
    id=":re:"
  />
  <div
    data-floating-ui-portal=""
    id=":rk:"
  />
  <div
    data-floating-ui-portal=""
    id=":rq:"
  />
  <div
    data-floating-ui-portal=""
    id=":r10:"
  />
  <div>
    <div
      class="Dropdown"
    >
      <div
        class="w-100"
      >
        <div
          aria-expanded="false"
          aria-haspopup="dialog"
<<<<<<< HEAD
          class="w-100"
=======
>>>>>>> b67de59a (feat: migration to react 19)
          data-state="closed"
          triggerclass="w-100"
        >
          <button
            class="Button DropdownButton DropdownButton--regular DropdownButton--placeholder DropdownButton--error"
            data-test="DesignSystem-DropdownTrigger"
            tabindex="0"
            type="button"
            value=""
          >
            <div
              class="DropdownButton-wrapper"
            >
              <span
                class="Text Text--regular DropdownButton-text"
              >
                Select
              </span>
            </div>
            <i
              class="material-symbols material-symbols-rounded Icon Icon--default"
              data-test="DesignSystem-Icon"
              role="button"
              style="font-size: 16px; width: 16px;"
            >
              keyboard_arrow_down
            </i>
          </button>
        </div>
      </div>
    </div>
  </div>
  <div
    data-floating-ui-portal=""
    id=":r16:"
  />
  <div
    data-floating-ui-portal=""
    id=":r19:"
  />
</body>
`;

exports[`TimePicker component snapshots renders snapshot for all props 
  startTime: "05:00 AM", endTime: "11:00 PM", showDuration: true, timeFormat: "12-Hour", error: false
 1`] = `
<body>
  <div
    data-floating-ui-portal=""
    id=":r2:"
  />
  <div>
    <div
      class="Dropdown"
    >
      <div
        class="w-100"
      >
        <div
          aria-expanded="false"
          aria-haspopup="dialog"
<<<<<<< HEAD
          class="w-100"
=======
>>>>>>> b67de59a (feat: migration to react 19)
          data-state="closed"
          triggerclass="w-100"
        >
          <button
            class="Button DropdownButton DropdownButton--regular DropdownButton--placeholder"
            data-test="DesignSystem-DropdownTrigger"
            tabindex="0"
            type="button"
            value=""
          >
            <div
              class="DropdownButton-wrapper"
            >
              <span
                class="Text Text--regular DropdownButton-text"
              >
                Select
              </span>
            </div>
            <i
              class="material-symbols material-symbols-rounded Icon Icon--default"
              data-test="DesignSystem-Icon"
              role="button"
              style="font-size: 16px; width: 16px;"
            >
              keyboard_arrow_down
            </i>
          </button>
        </div>
      </div>
    </div>
  </div>
  <div
    data-floating-ui-portal=""
    id=":r8:"
  />
  <div
    data-floating-ui-portal=""
    id=":rb:"
  />
</body>
`;

exports[`TimePicker component snapshots renders snapshot for all props 
  startTime: "05:00 AM", endTime: "11:00 PM", showDuration: true, timeFormat: "12-Hour", error: true
 1`] = `
<body>
  <div>
    <div
      class="Dropdown"
    >
      <div
        class="w-100"
      >
        <div
          aria-expanded="false"
          aria-haspopup="dialog"
<<<<<<< HEAD
          class="w-100"
=======
>>>>>>> b67de59a (feat: migration to react 19)
          data-state="closed"
          triggerclass="w-100"
        >
          <button
            class="Button DropdownButton DropdownButton--regular DropdownButton--placeholder DropdownButton--error"
            data-test="DesignSystem-DropdownTrigger"
            tabindex="0"
            type="button"
            value=""
          >
            <div
              class="DropdownButton-wrapper"
            >
              <span
                class="Text Text--regular DropdownButton-text"
              >
                Select
              </span>
            </div>
            <i
              class="material-symbols material-symbols-rounded Icon Icon--default"
              data-test="DesignSystem-Icon"
              role="button"
              style="font-size: 16px; width: 16px;"
            >
              keyboard_arrow_down
            </i>
          </button>
        </div>
      </div>
    </div>
  </div>
  <div
    data-floating-ui-portal=""
    id=":r2:"
  />
  <div
    data-floating-ui-portal=""
    id=":r5:"
  />
</body>
`;

exports[`TimePicker component snapshots renders snapshot for all props 
  startTime: "05:00 AM", endTime: "11:00 PM", showDuration: true, timeFormat: "24-Hour", error: false
 1`] = `
<body>
  <div
    data-floating-ui-portal=""
    id=":r2:"
  />
  <div
    data-floating-ui-portal=""
    id=":r8:"
  />
  <div
    data-floating-ui-portal=""
    id=":re:"
  />
  <div>
    <div
      class="Dropdown"
    >
      <div
        class="w-100"
      >
        <div
          aria-expanded="false"
          aria-haspopup="dialog"
<<<<<<< HEAD
          class="w-100"
=======
>>>>>>> b67de59a (feat: migration to react 19)
          data-state="closed"
          triggerclass="w-100"
        >
          <button
            class="Button DropdownButton DropdownButton--regular DropdownButton--placeholder"
            data-test="DesignSystem-DropdownTrigger"
            tabindex="0"
            type="button"
            value=""
          >
            <div
              class="DropdownButton-wrapper"
            >
              <span
                class="Text Text--regular DropdownButton-text"
              >
                Select
              </span>
            </div>
            <i
              class="material-symbols material-symbols-rounded Icon Icon--default"
              data-test="DesignSystem-Icon"
              role="button"
              style="font-size: 16px; width: 16px;"
            >
              keyboard_arrow_down
            </i>
          </button>
        </div>
      </div>
    </div>
  </div>
  <div
    data-floating-ui-portal=""
    id=":rk:"
  />
  <div
    data-floating-ui-portal=""
    id=":rn:"
  />
</body>
`;

exports[`TimePicker component snapshots renders snapshot for all props 
  startTime: "05:00 AM", endTime: "11:00 PM", showDuration: true, timeFormat: "24-Hour", error: true
 1`] = `
<body>
  <div
    data-floating-ui-portal=""
    id=":r2:"
  />
  <div
    data-floating-ui-portal=""
    id=":r8:"
  />
  <div>
    <div
      class="Dropdown"
    >
      <div
        class="w-100"
      >
        <div
          aria-expanded="false"
          aria-haspopup="dialog"
<<<<<<< HEAD
          class="w-100"
=======
>>>>>>> b67de59a (feat: migration to react 19)
          data-state="closed"
          triggerclass="w-100"
        >
          <button
            class="Button DropdownButton DropdownButton--regular DropdownButton--placeholder DropdownButton--error"
            data-test="DesignSystem-DropdownTrigger"
            tabindex="0"
            type="button"
            value=""
          >
            <div
              class="DropdownButton-wrapper"
            >
              <span
                class="Text Text--regular DropdownButton-text"
              >
                Select
              </span>
            </div>
            <i
              class="material-symbols material-symbols-rounded Icon Icon--default"
              data-test="DesignSystem-Icon"
              role="button"
              style="font-size: 16px; width: 16px;"
            >
              keyboard_arrow_down
            </i>
          </button>
        </div>
      </div>
    </div>
  </div>
  <div
    data-floating-ui-portal=""
    id=":re:"
  />
  <div
    data-floating-ui-portal=""
    id=":rh:"
  />
</body>
`;
