// Jest Snapshot v1, https://goo.gl/fbAQLP

exports[`Chip component 
  type: "Action"
 1`] = `
<body>
  <div>
    <div
      class="Chip-wrapper Chip Chip--Action Chip-size--regular"
      data-test="DesignSystem-Chip--GenericChip"
      role="button"
      style="max-width: var(--spacing-640);"
      tabindex="0"
    />
  </div>
</body>
`;

exports[`Chip component 
  type: "Action", disabled: false
 1`] = `
<body>
  <div>
    <div
      class="Chip-wrapper Chip Chip--Action Chip-size--regular"
      data-test="DesignSystem-Chip--GenericChip"
      role="button"
      style="max-width: var(--spacing-640);"
      tabindex="0"
    />
  </div>
</body>
`;

exports[`Chip component 
  type: "Action", disabled: true
 1`] = `
<body>
  <div>
    <div
      class="Chip-wrapper Chip Chip-Action--disabled Chip-size--regular"
      data-test="DesignSystem-Chip--GenericChip"
      role="button"
      style="max-width: var(--spacing-640);"
      tabindex="-1"
    />
  </div>
</body>
`;

exports[`Chip component 
  type: "Input"
 1`] = `
<body>
  <div>
    <div
      class="Chip-wrapper Chip Chip--Input Chip-size--regular"
      data-test="DesignSystem-Chip--GenericChip"
      role="button"
      style="max-width: var(--spacing-640);"
      tabindex="0"
    />
  </div>
</body>
`;

exports[`Chip component 
  type: "Input", disabled: false
 1`] = `
<body>
  <div>
    <div
      class="Chip-wrapper Chip Chip--Input Chip-size--regular"
      data-test="DesignSystem-Chip--GenericChip"
      role="button"
      style="max-width: var(--spacing-640);"
      tabindex="0"
    />
  </div>
</body>
`;

exports[`Chip component 
  type: "Input", disabled: true
 1`] = `
<body>
  <div>
    <div
      class="Chip-wrapper Chip Chip-Input--disabled Chip-size--regular"
      data-test="DesignSystem-Chip--GenericChip"
      role="button"
      style="max-width: var(--spacing-640);"
      tabindex="-1"
    />
  </div>
</body>
`;

exports[`Chip component 
  type: "Selection"
 1`] = `
<body>
  <div>
    <div
      class="Chip-wrapper Chip Chip--Selection Chip-size--regular"
      data-test="DesignSystem-Chip--GenericChip"
      role="button"
      style="max-width: var(--spacing-640);"
      tabindex="0"
    />
  </div>
</body>
`;

exports[`Chip component 
  type: "Selection", disabled: false
 1`] = `
<body>
  <div>
    <div
      class="Chip-wrapper Chip Chip--Selection Chip-size--regular"
      data-test="DesignSystem-Chip--GenericChip"
      role="button"
      style="max-width: var(--spacing-640);"
      tabindex="0"
    />
  </div>
</body>
`;

exports[`Chip component 
  type: "Selection", disabled: true
 1`] = `
<body>
  <div>
    <div
      class="Chip-wrapper Chip Chip-Selection--disabled Chip-size--regular"
      data-test="DesignSystem-Chip--GenericChip"
      role="button"
      style="max-width: var(--spacing-640);"
      tabindex="-1"
    />
  </div>
</body>
`;

exports[`Chip component 
  type: "Selection", selected: false
 1`] = `
<body>
  <div>
    <div
      class="Chip-wrapper Chip Chip--Selection Chip-size--regular"
      data-test="DesignSystem-Chip--GenericChip"
      role="button"
      style="max-width: var(--spacing-640);"
      tabindex="0"
    />
  </div>
</body>
`;

exports[`Chip component 
  type: "Selection", selected: true
 1`] = `
<body>
  <div>
    <div
      class="Chip-wrapper Chip Chip--Selection Chip-Selection--selected Chip-size--regular"
      data-test="DesignSystem-Chip--GenericChip"
      role="button"
      style="max-width: var(--spacing-640);"
      tabindex="0"
    />
  </div>
</body>
`;
