// Jest Snapshot v1, https://goo.gl/fbAQLP

exports[`Popover component 
  appendToBody: false, trigger: "[ReactNode]", customStyle: {"width":{"required":true,"value":"150px"},"height":{"required":true,"value":"150px"}}, open: true, verticalOffset: 10, onToggle: "[Function]", dark: false, disabled: false
 1`] = `
<DocumentFragment>
  <div
    class="PopperWrapper-trigger"
  >
    <button
      class="Button Button--regular Button--basic Button--iconAlign-left"
      data-test="DesignSystem-PopoverTrigger"
      tabindex="0"
    >
      <span
        class="Button-text"
      >
        Open Popup
      </span>
    </button>
  </div>
  <div
    style="position: absolute; left: 0px; top: 0px; transform: translate(0px, 0px);"
  >
    <div
      class="Popover"
      data-layer="true"
      data-opened="true"
      data-placement="bottom"
      data-test="DesignSystem-Popover"
      style="position: absolute; left: 0px; top: 0px; margin-top: 8px; animation: popper-open- 120ms cubic-bezier(0, 0, 0.38, 0.9), popper-fade-in 120ms; overflow: hidden; transform: translate(0px, 0px); z-index: 501;"
    >
      Popover
    </div>
  </div>
</DocumentFragment>
`;

exports[`Popover component 
  appendToBody: false, trigger: "[ReactNode]", customStyle: {"width":{"required":true,"value":"150px"},"height":{"required":true,"value":"150px"}}, open: true, verticalOffset: 10, onToggle: "[Function]", dark: false, disabled: true
 1`] = `
<DocumentFragment>
  <div
    class="PopperWrapper-trigger"
  >
    <button
      class="Button Button--regular Button--basic Button--iconAlign-left"
      data-test="DesignSystem-PopoverTrigger"
      tabindex="0"
    >
      <span
        class="Button-text"
      >
        Open Popup
      </span>
    </button>
  </div>
</DocumentFragment>
`;

exports[`Popover component 
  appendToBody: false, trigger: "[ReactNode]", customStyle: {"width":{"required":true,"value":"150px"},"height":{"required":true,"value":"150px"}}, open: true, verticalOffset: 10, onToggle: "[Function]", dark: true, disabled: false
 1`] = `
<DocumentFragment>
  <div
    class="PopperWrapper-trigger"
  >
    <button
      class="Button Button--regular Button--basic Button--iconAlign-left"
      data-test="DesignSystem-PopoverTrigger"
      tabindex="0"
    >
      <span
        class="Button-text"
      >
        Open Popup
      </span>
    </button>
  </div>
  <div
    style="position: absolute; left: 0px; top: 0px; transform: translate(0px, 0px);"
  >
    <div
      class="Popover Popover--dark"
      data-layer="true"
      data-opened="true"
      data-placement="bottom"
      data-test="DesignSystem-Popover"
      style="position: absolute; left: 0px; top: 0px; margin-top: 8px; animation: popper-open- 120ms cubic-bezier(0, 0, 0.38, 0.9), popper-fade-in 120ms; overflow: hidden; transform: translate(0px, 0px); z-index: 501;"
    >
      Popover
    </div>
  </div>
</DocumentFragment>
`;

exports[`Popover component 
  appendToBody: false, trigger: "[ReactNode]", customStyle: {"width":{"required":true,"value":"150px"},"height":{"required":true,"value":"150px"}}, open: true, verticalOffset: 10, onToggle: "[Function]", dark: true, disabled: true
 1`] = `
<DocumentFragment>
  <div
    class="PopperWrapper-trigger"
  >
    <button
      class="Button Button--regular Button--basic Button--iconAlign-left"
      data-test="DesignSystem-PopoverTrigger"
      tabindex="0"
    >
      <span
        class="Button-text"
      >
        Open Popup
      </span>
    </button>
  </div>
</DocumentFragment>
`;

exports[`Popover component 
  appendToBody: false, trigger: "[ReactNode]", customStyle: {"width":{"required":true,"value":"150px"},"height":{"required":true,"value":"150px"}}, open: true, verticalOffset: 10, onToggle: "[Function]", position: "bottom"
 1`] = `
<DocumentFragment>
  <div
    class="PopperWrapper-trigger"
  >
    <button
      class="Button Button--regular Button--basic Button--iconAlign-left"
      data-test="DesignSystem-PopoverTrigger"
      tabindex="0"
    >
      <span
        class="Button-text"
      >
        Open Popup
      </span>
    </button>
  </div>
  <div
    style="position: absolute; left: 0px; top: 0px; transform: translate(0px, 0px);"
  >
    <div
      class="Popover"
      data-layer="true"
      data-opened="true"
      data-placement="bottom"
      data-test="DesignSystem-Popover"
      style="position: absolute; left: 0px; top: 0px; margin-top: 8px; animation: popper-open- 120ms cubic-bezier(0, 0, 0.38, 0.9), popper-fade-in 120ms; overflow: hidden; transform: translate(0px, 0px); z-index: 501;"
    >
      Popover
    </div>
  </div>
</DocumentFragment>
`;

exports[`Popover component 
  appendToBody: false, trigger: "[ReactNode]", customStyle: {"width":{"required":true,"value":"150px"},"height":{"required":true,"value":"150px"}}, open: true, verticalOffset: 10, onToggle: "[Function]", position: "bottom-end"
 1`] = `
<DocumentFragment>
  <div
    class="PopperWrapper-trigger"
  >
    <button
      class="Button Button--regular Button--basic Button--iconAlign-left"
      data-test="DesignSystem-PopoverTrigger"
      tabindex="0"
    >
      <span
        class="Button-text"
      >
        Open Popup
      </span>
    </button>
  </div>
  <div
    style="position: absolute; left: 0px; top: 0px; transform: translate(0px, 0px);"
  >
    <div
      class="Popover"
      data-layer="true"
      data-opened="true"
      data-placement="bottom-end"
      data-test="DesignSystem-Popover"
      style="position: absolute; left: 0px; top: 0px; margin-top: 8px; animation: popper-open- 120ms cubic-bezier(0, 0, 0.38, 0.9), popper-fade-in 120ms; overflow: hidden; transform: translate(0px, 0px); z-index: 501;"
    >
      Popover
    </div>
  </div>
</DocumentFragment>
`;

exports[`Popover component 
  appendToBody: false, trigger: "[ReactNode]", customStyle: {"width":{"required":true,"value":"150px"},"height":{"required":true,"value":"150px"}}, open: true, verticalOffset: 10, onToggle: "[Function]", position: "bottom-start"
 1`] = `
<DocumentFragment>
  <div
    class="PopperWrapper-trigger"
  >
    <button
      class="Button Button--regular Button--basic Button--iconAlign-left"
      data-test="DesignSystem-PopoverTrigger"
      tabindex="0"
    >
      <span
        class="Button-text"
      >
        Open Popup
      </span>
    </button>
  </div>
  <div
    style="position: absolute; left: 0px; top: 0px; transform: translate(0px, 0px);"
  >
    <div
      class="Popover"
      data-layer="true"
      data-opened="true"
      data-placement="bottom-start"
      data-test="DesignSystem-Popover"
      style="position: absolute; left: 0px; top: 0px; margin-top: 8px; animation: popper-open- 120ms cubic-bezier(0, 0, 0.38, 0.9), popper-fade-in 120ms; overflow: hidden; transform: translate(0px, 0px); z-index: 501;"
    >
      Popover
    </div>
  </div>
</DocumentFragment>
`;

exports[`Popover component 
  appendToBody: false, trigger: "[ReactNode]", customStyle: {"width":{"required":true,"value":"150px"},"height":{"required":true,"value":"150px"}}, open: true, verticalOffset: 10, onToggle: "[Function]", position: "top"
 1`] = `
<DocumentFragment>
  <div
    class="PopperWrapper-trigger"
  >
    <button
      class="Button Button--regular Button--basic Button--iconAlign-left"
      data-test="DesignSystem-PopoverTrigger"
      tabindex="0"
    >
      <span
        class="Button-text"
      >
        Open Popup
      </span>
    </button>
  </div>
  <div
    style="position: absolute; left: 0px; top: 0px; transform: translate(0px, 0px);"
  >
    <div
      class="Popover"
      data-layer="true"
      data-opened="true"
      data-placement="top"
      data-test="DesignSystem-Popover"
      style="position: absolute; left: 0px; top: 0px; margin-bottom: 8px; animation: popper-open- 120ms cubic-bezier(0, 0, 0.38, 0.9), popper-fade-in 120ms; overflow: hidden; transform: translate(0px, 0px); z-index: 501;"
    >
      Popover
    </div>
  </div>
</DocumentFragment>
`;

exports[`Popover component 
  appendToBody: false, trigger: "[ReactNode]", customStyle: {"width":{"required":true,"value":"150px"},"height":{"required":true,"value":"150px"}}, open: true, verticalOffset: 10, onToggle: "[Function]", position: "top-end"
 1`] = `
<DocumentFragment>
  <div
    class="PopperWrapper-trigger"
  >
    <button
      class="Button Button--regular Button--basic Button--iconAlign-left"
      data-test="DesignSystem-PopoverTrigger"
      tabindex="0"
    >
      <span
        class="Button-text"
      >
        Open Popup
      </span>
    </button>
  </div>
  <div
    style="position: absolute; left: 0px; top: 0px; transform: translate(0px, 0px);"
  >
    <div
      class="Popover"
      data-layer="true"
      data-opened="true"
      data-placement="top-end"
      data-test="DesignSystem-Popover"
      style="position: absolute; left: 0px; top: 0px; margin-bottom: 8px; animation: popper-open- 120ms cubic-bezier(0, 0, 0.38, 0.9), popper-fade-in 120ms; overflow: hidden; transform: translate(0px, 0px); z-index: 501;"
    >
      Popover
    </div>
  </div>
</DocumentFragment>
`;

exports[`Popover component 
  appendToBody: false, trigger: "[ReactNode]", customStyle: {"width":{"required":true,"value":"150px"},"height":{"required":true,"value":"150px"}}, open: true, verticalOffset: 10, onToggle: "[Function]", position: "top-start"
 1`] = `
<DocumentFragment>
  <div
    class="PopperWrapper-trigger"
  >
    <button
      class="Button Button--regular Button--basic Button--iconAlign-left"
      data-test="DesignSystem-PopoverTrigger"
      tabindex="0"
    >
      <span
        class="Button-text"
      >
        Open Popup
      </span>
    </button>
  </div>
  <div
    style="position: absolute; left: 0px; top: 0px; transform: translate(0px, 0px);"
  >
    <div
      class="Popover"
      data-layer="true"
      data-opened="true"
      data-placement="top-start"
      data-test="DesignSystem-Popover"
      style="position: absolute; left: 0px; top: 0px; margin-bottom: 8px; animation: popper-open- 120ms cubic-bezier(0, 0, 0.38, 0.9), popper-fade-in 120ms; overflow: hidden; transform: translate(0px, 0px); z-index: 501;"
    >
      Popover
    </div>
  </div>
</DocumentFragment>
`;
