// Jest Snapshot v1, https://goo.gl/fbAQLP

exports[`TS renders children 1`] = `
<DocumentFragment>
  <span
    class="Mds-Avatar Mds-Avatar--regular Mds-Avatar--secondary Mds-Avatar--disabled Mds-overflow-hidden"
    data-test="DesignSystem-Avatar"
  >
    <i
      class="material-icons material-icons-round Icon Icon--white Mds-Avatar-content--secondary"
      data-test="DesignSystem-Avatar--Icon"
      role="button"
      style="font-size: 16px; width: 16px;"
    >
      person_round
    </i>
  </span>
  <span
    class="Mds-Badge Mds-Badge--secondary"
    data-test="DesignSystem-Badge"
    role="status"
  >
    Badge
  </span>
  <b
    data-test="DesignSystem-Bold"
  >
    Hello World!
  </b>
  <button
    class="Mds-Button Mds-Button--regular Mds-Button--regularSquare Mds-Button--basic"
    data-test="DesignSystem-Button"
    tabindex="0"
  />
  <i
    data-test="DesignSystem-Italic"
  >
    Hello World!
  </i>
  <a
    aria-disabled="false"
    class="Mds-Link Mds-Link--regular Mds-Link--default"
    data-test="DesignSystem-Link"
  >
    Hello World!
  </a>
  <p
    class="Mds-Text Mds-Text--default"
    data-test="DesignSystem-Paragraph"
  >
    Hello World!
  </p>
  <span
    class="Mds-Pills Mds-Badge--secondary"
    data-test="DesignSystem-Pills"
    role="status"
  >
    Hello World!
  </span>
  <span
    aria-controls="floating-ui-1"
    aria-expanded="true"
    aria-haspopup="dialog"
    class="Mds-Text Mds-Text--default Mds-Text--regular"
    data-test="DesignSystem-Text"
  >
    Hello World!
  </span>
  <style />
  <s
    data-test="DesignSystem-Strikethrough"
  >
    Hello World!
  </s>
  <h4
    class="Mds-Subheading Mds-Subheading--default"
    data-test="DesignSystem-Subheading"
  >
    Hello World!
  </h4>
  <u
    data-test="DesignSystem-Underline"
  >
    Hello World!
  </u>
  <span
    aria-describedby="floating-ui-4"
    class="Mds-Text Mds-Text--default Mds-Text--regular"
    data-test="DesignSystem-Text"
  >
    Hello World!
  </span>
  <style />
</DocumentFragment>
`;
