// Jest Snapshot v1, https://goo.gl/fbAQLP

exports[`AvatarGroup component 
  list: [{"firstName":"John","lastName":"Doe"},{"firstName":"Steven","lastName":"Packton"},{"firstName":"Nancy","lastName":"Wheeler"},{"firstName":"Monica","lastName":"Geller"},{"firstName":"Arya","lastName":"Stark"},{"firstName":"Rachel","lastName":"Green"}], size: "regular"
 1`] = `
Object {
  "asFragment": [Function],
  "baseElement": <body>
    <div>
      <div
        class="AvatarGroup d-inline-flex"
        data-test="DesignSystem-AvatarGroup"
      >
        <div
          class="AvatarGroup-item AvatarGroup-item--regular"
          data-test="DesignSystem-AvatarGroup--Avatar"
          style="background-color: white; box-shadow: 0 0 0  calc(var(--spacing-xs) + var(--spacing-s)) white;"
        >
          <style />
          <div
            class="OutsideClick PopperWrapper-trigger flex-grow-0"
          >
            <span
              class=""
              data-test="DesignSystem-AvatarWrapper"
              role="presentation"
            >
              <span
                class="Avatar Avatar--regular Avatar--accent1"
                data-test="DesignSystem-Avatar"
              >
                <span
                  class="Text Text--white Text--medium Text--regular Avatar-content--regular Avatar-content--accent1"
                  data-test="DesignSystem-Text"
                >
                  JD
                </span>
              </span>
            </span>
          </div>
        </div>
        <div
          class="AvatarGroup-item AvatarGroup-item--regular"
          data-test="DesignSystem-AvatarGroup--Avatar"
          style="background-color: white; box-shadow: 0 0 0  calc(var(--spacing-xs) + var(--spacing-s)) white;"
        >
          <style />
          <div
            class="OutsideClick PopperWrapper-trigger flex-grow-0"
          >
            <span
              class=""
              data-test="DesignSystem-AvatarWrapper"
              role="presentation"
            >
              <span
                class="Avatar Avatar--regular Avatar--alert"
                data-test="DesignSystem-Avatar"
              >
                <span
                  class="Text Text--white Text--medium Text--regular Avatar-content--regular Avatar-content--alert"
                  data-test="DesignSystem-Text"
                >
                  SP
                </span>
              </span>
            </span>
          </div>
        </div>
        <style />
        <div
          class="OutsideClick PopperWrapper-trigger"
        >
          <div
            class="AvatarCount-wrapper"
            data-test="DesignSystem-AvatarGroup--TriggerAvatar"
            style="background-color: white; box-shadow: 0 0 0  calc(var(--spacing-xs) + var(--spacing-s)) white;"
          >
            <span
              class="Avatar Avatar--regular Avatar--secondary Avatar--disabled"
              data-test="DesignSystem-AvatarGroup--TriggerAvatarVariants"
            >
              <span
                class="Text Text--white Text--regular Avatar-content--secondary"
                data-test="DesignSystem-Text"
              >
                +4
              </span>
            </span>
          </div>
        </div>
      </div>
    </div>
  </body>,
  "container": <div>
    <div
      class="AvatarGroup d-inline-flex"
      data-test="DesignSystem-AvatarGroup"
    >
      <div
        class="AvatarGroup-item AvatarGroup-item--regular"
        data-test="DesignSystem-AvatarGroup--Avatar"
        style="background-color: white; box-shadow: 0 0 0  calc(var(--spacing-xs) + var(--spacing-s)) white;"
      >
        <style />
        <div
          class="OutsideClick PopperWrapper-trigger flex-grow-0"
        >
          <span
            class=""
            data-test="DesignSystem-AvatarWrapper"
            role="presentation"
          >
            <span
              class="Avatar Avatar--regular Avatar--accent1"
              data-test="DesignSystem-Avatar"
            >
              <span
                class="Text Text--white Text--medium Text--regular Avatar-content--regular Avatar-content--accent1"
                data-test="DesignSystem-Text"
              >
                JD
              </span>
            </span>
          </span>
        </div>
      </div>
      <div
        class="AvatarGroup-item AvatarGroup-item--regular"
        data-test="DesignSystem-AvatarGroup--Avatar"
        style="background-color: white; box-shadow: 0 0 0  calc(var(--spacing-xs) + var(--spacing-s)) white;"
      >
        <style />
        <div
          class="OutsideClick PopperWrapper-trigger flex-grow-0"
        >
          <span
            class=""
            data-test="DesignSystem-AvatarWrapper"
            role="presentation"
          >
            <span
              class="Avatar Avatar--regular Avatar--alert"
              data-test="DesignSystem-Avatar"
            >
              <span
                class="Text Text--white Text--medium Text--regular Avatar-content--regular Avatar-content--alert"
                data-test="DesignSystem-Text"
              >
                SP
              </span>
            </span>
          </span>
        </div>
      </div>
      <style />
      <div
        class="OutsideClick PopperWrapper-trigger"
      >
        <div
          class="AvatarCount-wrapper"
          data-test="DesignSystem-AvatarGroup--TriggerAvatar"
          style="background-color: white; box-shadow: 0 0 0  calc(var(--spacing-xs) + var(--spacing-s)) white;"
        >
          <span
            class="Avatar Avatar--regular Avatar--secondary Avatar--disabled"
            data-test="DesignSystem-AvatarGroup--TriggerAvatarVariants"
          >
            <span
              class="Text Text--white Text--regular Avatar-content--secondary"
              data-test="DesignSystem-Text"
            >
              +4
            </span>
          </span>
        </div>
      </div>
    </div>
  </div>,
  "debug": [Function],
  "findAllByAltText": [Function],
  "findAllByDisplayValue": [Function],
  "findAllByLabelText": [Function],
  "findAllByPlaceholderText": [Function],
  "findAllByRole": [Function],
  "findAllByTestId": [Function],
  "findAllByText": [Function],
  "findAllByTitle": [Function],
  "findByAltText": [Function],
  "findByDisplayValue": [Function],
  "findByLabelText": [Function],
  "findByPlaceholderText": [Function],
  "findByRole": [Function],
  "findByTestId": [Function],
  "findByText": [Function],
  "findByTitle": [Function],
  "getAllByAltText": [Function],
  "getAllByDisplayValue": [Function],
  "getAllByLabelText": [Function],
  "getAllByPlaceholderText": [Function],
  "getAllByRole": [Function],
  "getAllByTestId": [Function],
  "getAllByText": [Function],
  "getAllByTitle": [Function],
  "getByAltText": [Function],
  "getByDisplayValue": [Function],
  "getByLabelText": [Function],
  "getByPlaceholderText": [Function],
  "getByRole": [Function],
  "getByTestId": [Function],
  "getByText": [Function],
  "getByTitle": [Function],
  "queryAllByAltText": [Function],
  "queryAllByDisplayValue": [Function],
  "queryAllByLabelText": [Function],
  "queryAllByPlaceholderText": [Function],
  "queryAllByRole": [Function],
  "queryAllByTestId": [Function],
  "queryAllByText": [Function],
  "queryAllByTitle": [Function],
  "queryByAltText": [Function],
  "queryByDisplayValue": [Function],
  "queryByLabelText": [Function],
  "queryByPlaceholderText": [Function],
  "queryByRole": [Function],
  "queryByTestId": [Function],
  "queryByText": [Function],
  "queryByTitle": [Function],
  "rerender": [Function],
  "unmount": [Function],
}
`;

exports[`AvatarGroup component 
  list: [{"firstName":"John","lastName":"Doe"},{"firstName":"Steven","lastName":"Packton"},{"firstName":"Nancy","lastName":"Wheeler"},{"firstName":"Monica","lastName":"Geller"},{"firstName":"Arya","lastName":"Stark"},{"firstName":"Rachel","lastName":"Green"}], size: "tiny"
 1`] = `
Object {
  "asFragment": [Function],
  "baseElement": <body>
    <div>
      <div
        class="AvatarGroup d-inline-flex"
        data-test="DesignSystem-AvatarGroup"
      >
        <div
          class="AvatarGroup-item AvatarGroup-item--tiny"
          data-test="DesignSystem-AvatarGroup--Avatar"
          style="background-color: white; box-shadow: 0 0 0  var(--spacing-s) white;"
        >
          <style />
          <div
            class="OutsideClick PopperWrapper-trigger flex-grow-0"
          >
            <span
              class=""
              data-test="DesignSystem-AvatarWrapper"
              role="presentation"
            >
              <span
                class="Avatar Avatar--tiny Avatar--accent1"
                data-test="DesignSystem-Avatar"
              >
                <span
                  class="Text Text--white Text--medium Text--regular Avatar-content--tiny Avatar-content--accent1"
                  data-test="DesignSystem-Text"
                >
                  JD
                </span>
              </span>
            </span>
          </div>
        </div>
        <div
          class="AvatarGroup-item AvatarGroup-item--tiny"
          data-test="DesignSystem-AvatarGroup--Avatar"
          style="background-color: white; box-shadow: 0 0 0  var(--spacing-s) white;"
        >
          <style />
          <div
            class="OutsideClick PopperWrapper-trigger flex-grow-0"
          >
            <span
              class=""
              data-test="DesignSystem-AvatarWrapper"
              role="presentation"
            >
              <span
                class="Avatar Avatar--tiny Avatar--alert"
                data-test="DesignSystem-Avatar"
              >
                <span
                  class="Text Text--white Text--medium Text--regular Avatar-content--tiny Avatar-content--alert"
                  data-test="DesignSystem-Text"
                >
                  SP
                </span>
              </span>
            </span>
          </div>
        </div>
        <style />
        <div
          class="OutsideClick PopperWrapper-trigger"
        >
          <div
            class="AvatarCount-wrapper"
            data-test="DesignSystem-AvatarGroup--TriggerAvatar"
            style="background-color: white; box-shadow: 0 0 0  var(--spacing-s) white;"
          >
            <span
              class="Avatar Avatar--tiny Avatar--secondary Avatar--disabled"
              data-test="DesignSystem-AvatarGroup--TriggerAvatarVariants"
            >
              <span
                class="Text Text--white Text--regular Avatar-content--secondary Avatar-content--tiny"
                data-test="DesignSystem-Text"
              >
                +4
              </span>
            </span>
          </div>
        </div>
      </div>
    </div>
  </body>,
  "container": <div>
    <div
      class="AvatarGroup d-inline-flex"
      data-test="DesignSystem-AvatarGroup"
    >
      <div
        class="AvatarGroup-item AvatarGroup-item--tiny"
        data-test="DesignSystem-AvatarGroup--Avatar"
        style="background-color: white; box-shadow: 0 0 0  var(--spacing-s) white;"
      >
        <style />
        <div
          class="OutsideClick PopperWrapper-trigger flex-grow-0"
        >
          <span
            class=""
            data-test="DesignSystem-AvatarWrapper"
            role="presentation"
          >
            <span
              class="Avatar Avatar--tiny Avatar--accent1"
              data-test="DesignSystem-Avatar"
            >
              <span
                class="Text Text--white Text--medium Text--regular Avatar-content--tiny Avatar-content--accent1"
                data-test="DesignSystem-Text"
              >
                JD
              </span>
            </span>
          </span>
        </div>
      </div>
      <div
        class="AvatarGroup-item AvatarGroup-item--tiny"
        data-test="DesignSystem-AvatarGroup--Avatar"
        style="background-color: white; box-shadow: 0 0 0  var(--spacing-s) white;"
      >
        <style />
        <div
          class="OutsideClick PopperWrapper-trigger flex-grow-0"
        >
          <span
            class=""
            data-test="DesignSystem-AvatarWrapper"
            role="presentation"
          >
            <span
              class="Avatar Avatar--tiny Avatar--alert"
              data-test="DesignSystem-Avatar"
            >
              <span
                class="Text Text--white Text--medium Text--regular Avatar-content--tiny Avatar-content--alert"
                data-test="DesignSystem-Text"
              >
                SP
              </span>
            </span>
          </span>
        </div>
      </div>
      <style />
      <div
        class="OutsideClick PopperWrapper-trigger"
      >
        <div
          class="AvatarCount-wrapper"
          data-test="DesignSystem-AvatarGroup--TriggerAvatar"
          style="background-color: white; box-shadow: 0 0 0  var(--spacing-s) white;"
        >
          <span
            class="Avatar Avatar--tiny Avatar--secondary Avatar--disabled"
            data-test="DesignSystem-AvatarGroup--TriggerAvatarVariants"
          >
            <span
              class="Text Text--white Text--regular Avatar-content--secondary Avatar-content--tiny"
              data-test="DesignSystem-Text"
            >
              +4
            </span>
          </span>
        </div>
      </div>
    </div>
  </div>,
  "debug": [Function],
  "findAllByAltText": [Function],
  "findAllByDisplayValue": [Function],
  "findAllByLabelText": [Function],
  "findAllByPlaceholderText": [Function],
  "findAllByRole": [Function],
  "findAllByTestId": [Function],
  "findAllByText": [Function],
  "findAllByTitle": [Function],
  "findByAltText": [Function],
  "findByDisplayValue": [Function],
  "findByLabelText": [Function],
  "findByPlaceholderText": [Function],
  "findByRole": [Function],
  "findByTestId": [Function],
  "findByText": [Function],
  "findByTitle": [Function],
  "getAllByAltText": [Function],
  "getAllByDisplayValue": [Function],
  "getAllByLabelText": [Function],
  "getAllByPlaceholderText": [Function],
  "getAllByRole": [Function],
  "getAllByTestId": [Function],
  "getAllByText": [Function],
  "getAllByTitle": [Function],
  "getByAltText": [Function],
  "getByDisplayValue": [Function],
  "getByLabelText": [Function],
  "getByPlaceholderText": [Function],
  "getByRole": [Function],
  "getByTestId": [Function],
  "getByText": [Function],
  "getByTitle": [Function],
  "queryAllByAltText": [Function],
  "queryAllByDisplayValue": [Function],
  "queryAllByLabelText": [Function],
  "queryAllByPlaceholderText": [Function],
  "queryAllByRole": [Function],
  "queryAllByTestId": [Function],
  "queryAllByText": [Function],
  "queryAllByTitle": [Function],
  "queryByAltText": [Function],
  "queryByDisplayValue": [Function],
  "queryByLabelText": [Function],
  "queryByPlaceholderText": [Function],
  "queryByRole": [Function],
  "queryByTestId": [Function],
  "queryByText": [Function],
  "queryByTitle": [Function],
  "rerender": [Function],
  "unmount": [Function],
}
`;

exports[`AvatarGroup component snapshot 
  list: [{"firstName":"John","lastName":"Doe","icon":"[ReactNode]"},{"firstName":"Steven","lastName":"Packton","icon":"[ReactNode]"}], size: "regular"
 1`] = `
Object {
  "asFragment": [Function],
  "baseElement": <body>
    <div>
      <div
        class="AvatarGroup d-inline-flex"
        data-test="DesignSystem-AvatarGroup"
      >
        <div
          class="AvatarGroup-item AvatarGroup-item--regular"
          data-test="DesignSystem-AvatarGroup--Avatar"
          style="background-color: white; box-shadow: 0 0 0  calc(var(--spacing-xs) + var(--spacing-s)) white;"
        >
          <style />
          <div
            class="OutsideClick PopperWrapper-trigger flex-grow-0"
          >
            <span
              class=""
              data-test="DesignSystem-AvatarWrapper"
              role="presentation"
            >
              <span
                class="Avatar Avatar--regular Avatar--accent1"
                data-test="DesignSystem-Avatar"
              >
                <i
                  class="material-symbols material-symbols-rounded Icon Icon--accent1Darker"
                  data-test="DesignSystem-Icon"
                  role="button"
                  style="font-size: 20px; width: 20px;"
                >
                  places
                </i>
              </span>
            </span>
          </div>
        </div>
        <div
          class="AvatarGroup-item AvatarGroup-item--regular"
          data-test="DesignSystem-AvatarGroup--Avatar"
          style="background-color: white; box-shadow: 0 0 0  calc(var(--spacing-xs) + var(--spacing-s)) white;"
        >
          <style />
          <div
            class="OutsideClick PopperWrapper-trigger flex-grow-0"
          >
            <span
              class=""
              data-test="DesignSystem-AvatarWrapper"
              role="presentation"
            >
              <span
                class="Avatar Avatar--regular Avatar--alert"
                data-test="DesignSystem-Avatar"
              >
                <i
                  class="material-symbols material-symbols-rounded Icon Icon--white"
                  data-test="DesignSystem-Icon"
                  role="button"
                  style="font-size: 20px; width: 20px;"
                >
                  smart_toy
                </i>
              </span>
            </span>
          </div>
        </div>
      </div>
    </div>
  </body>,
  "container": <div>
    <div
      class="AvatarGroup d-inline-flex"
      data-test="DesignSystem-AvatarGroup"
    >
      <div
        class="AvatarGroup-item AvatarGroup-item--regular"
        data-test="DesignSystem-AvatarGroup--Avatar"
        style="background-color: white; box-shadow: 0 0 0  calc(var(--spacing-xs) + var(--spacing-s)) white;"
      >
        <style />
        <div
          class="OutsideClick PopperWrapper-trigger flex-grow-0"
        >
          <span
            class=""
            data-test="DesignSystem-AvatarWrapper"
            role="presentation"
          >
            <span
              class="Avatar Avatar--regular Avatar--accent1"
              data-test="DesignSystem-Avatar"
            >
              <i
                class="material-symbols material-symbols-rounded Icon Icon--accent1Darker"
                data-test="DesignSystem-Icon"
                role="button"
                style="font-size: 20px; width: 20px;"
              >
                places
              </i>
            </span>
          </span>
        </div>
      </div>
      <div
        class="AvatarGroup-item AvatarGroup-item--regular"
        data-test="DesignSystem-AvatarGroup--Avatar"
        style="background-color: white; box-shadow: 0 0 0  calc(var(--spacing-xs) + var(--spacing-s)) white;"
      >
        <style />
        <div
          class="OutsideClick PopperWrapper-trigger flex-grow-0"
        >
          <span
            class=""
            data-test="DesignSystem-AvatarWrapper"
            role="presentation"
          >
            <span
              class="Avatar Avatar--regular Avatar--alert"
              data-test="DesignSystem-Avatar"
            >
              <i
                class="material-symbols material-symbols-rounded Icon Icon--white"
                data-test="DesignSystem-Icon"
                role="button"
                style="font-size: 20px; width: 20px;"
              >
                smart_toy
              </i>
            </span>
          </span>
        </div>
      </div>
    </div>
  </div>,
  "debug": [Function],
  "findAllByAltText": [Function],
  "findAllByDisplayValue": [Function],
  "findAllByLabelText": [Function],
  "findAllByPlaceholderText": [Function],
  "findAllByRole": [Function],
  "findAllByTestId": [Function],
  "findAllByText": [Function],
  "findAllByTitle": [Function],
  "findByAltText": [Function],
  "findByDisplayValue": [Function],
  "findByLabelText": [Function],
  "findByPlaceholderText": [Function],
  "findByRole": [Function],
  "findByTestId": [Function],
  "findByText": [Function],
  "findByTitle": [Function],
  "getAllByAltText": [Function],
  "getAllByDisplayValue": [Function],
  "getAllByLabelText": [Function],
  "getAllByPlaceholderText": [Function],
  "getAllByRole": [Function],
  "getAllByTestId": [Function],
  "getAllByText": [Function],
  "getAllByTitle": [Function],
  "getByAltText": [Function],
  "getByDisplayValue": [Function],
  "getByLabelText": [Function],
  "getByPlaceholderText": [Function],
  "getByRole": [Function],
  "getByTestId": [Function],
  "getByText": [Function],
  "getByTitle": [Function],
  "queryAllByAltText": [Function],
  "queryAllByDisplayValue": [Function],
  "queryAllByLabelText": [Function],
  "queryAllByPlaceholderText": [Function],
  "queryAllByRole": [Function],
  "queryAllByTestId": [Function],
  "queryAllByText": [Function],
  "queryAllByTitle": [Function],
  "queryByAltText": [Function],
  "queryByDisplayValue": [Function],
  "queryByLabelText": [Function],
  "queryByPlaceholderText": [Function],
  "queryByRole": [Function],
  "queryByTestId": [Function],
  "queryByText": [Function],
  "queryByTitle": [Function],
  "rerender": [Function],
  "unmount": [Function],
}
`;

exports[`AvatarGroup component snapshot 
  list: [{"firstName":"John","lastName":"Doe","icon":"[ReactNode]"},{"firstName":"Steven","lastName":"Packton","icon":"[ReactNode]"}], size: "tiny"
 1`] = `
Object {
  "asFragment": [Function],
  "baseElement": <body>
    <div>
      <div
        class="AvatarGroup d-inline-flex"
        data-test="DesignSystem-AvatarGroup"
      >
        <div
          class="AvatarGroup-item AvatarGroup-item--tiny"
          data-test="DesignSystem-AvatarGroup--Avatar"
          style="background-color: white; box-shadow: 0 0 0  var(--spacing-s) white;"
        >
          <style />
          <div
            class="OutsideClick PopperWrapper-trigger flex-grow-0"
          >
            <span
              class=""
              data-test="DesignSystem-AvatarWrapper"
              role="presentation"
            >
              <span
                class="Avatar Avatar--tiny Avatar--accent1"
                data-test="DesignSystem-Avatar"
              >
                <i
                  class="material-symbols material-symbols-rounded Icon Icon--accent1Darker"
                  data-test="DesignSystem-Icon"
                  role="button"
                  style="font-size: 16px; width: 16px;"
                >
                  places
                </i>
              </span>
            </span>
          </div>
        </div>
        <div
          class="AvatarGroup-item AvatarGroup-item--tiny"
          data-test="DesignSystem-AvatarGroup--Avatar"
          style="background-color: white; box-shadow: 0 0 0  var(--spacing-s) white;"
        >
          <style />
          <div
            class="OutsideClick PopperWrapper-trigger flex-grow-0"
          >
            <span
              class=""
              data-test="DesignSystem-AvatarWrapper"
              role="presentation"
            >
              <span
                class="Avatar Avatar--tiny Avatar--alert"
                data-test="DesignSystem-Avatar"
              >
                <i
                  class="material-symbols material-symbols-rounded Icon Icon--white"
                  data-test="DesignSystem-Icon"
                  role="button"
                  style="font-size: 16px; width: 16px;"
                >
                  smart_toy
                </i>
              </span>
            </span>
          </div>
        </div>
      </div>
    </div>
  </body>,
  "container": <div>
    <div
      class="AvatarGroup d-inline-flex"
      data-test="DesignSystem-AvatarGroup"
    >
      <div
        class="AvatarGroup-item AvatarGroup-item--tiny"
        data-test="DesignSystem-AvatarGroup--Avatar"
        style="background-color: white; box-shadow: 0 0 0  var(--spacing-s) white;"
      >
        <style />
        <div
          class="OutsideClick PopperWrapper-trigger flex-grow-0"
        >
          <span
            class=""
            data-test="DesignSystem-AvatarWrapper"
            role="presentation"
          >
            <span
              class="Avatar Avatar--tiny Avatar--accent1"
              data-test="DesignSystem-Avatar"
            >
              <i
                class="material-symbols material-symbols-rounded Icon Icon--accent1Darker"
                data-test="DesignSystem-Icon"
                role="button"
                style="font-size: 16px; width: 16px;"
              >
                places
              </i>
            </span>
          </span>
        </div>
      </div>
      <div
        class="AvatarGroup-item AvatarGroup-item--tiny"
        data-test="DesignSystem-AvatarGroup--Avatar"
        style="background-color: white; box-shadow: 0 0 0  var(--spacing-s) white;"
      >
        <style />
        <div
          class="OutsideClick PopperWrapper-trigger flex-grow-0"
        >
          <span
            class=""
            data-test="DesignSystem-AvatarWrapper"
            role="presentation"
          >
            <span
              class="Avatar Avatar--tiny Avatar--alert"
              data-test="DesignSystem-Avatar"
            >
              <i
                class="material-symbols material-symbols-rounded Icon Icon--white"
                data-test="DesignSystem-Icon"
                role="button"
                style="font-size: 16px; width: 16px;"
              >
                smart_toy
              </i>
            </span>
          </span>
        </div>
      </div>
    </div>
  </div>,
  "debug": [Function],
  "findAllByAltText": [Function],
  "findAllByDisplayValue": [Function],
  "findAllByLabelText": [Function],
  "findAllByPlaceholderText": [Function],
  "findAllByRole": [Function],
  "findAllByTestId": [Function],
  "findAllByText": [Function],
  "findAllByTitle": [Function],
  "findByAltText": [Function],
  "findByDisplayValue": [Function],
  "findByLabelText": [Function],
  "findByPlaceholderText": [Function],
  "findByRole": [Function],
  "findByTestId": [Function],
  "findByText": [Function],
  "findByTitle": [Function],
  "getAllByAltText": [Function],
  "getAllByDisplayValue": [Function],
  "getAllByLabelText": [Function],
  "getAllByPlaceholderText": [Function],
  "getAllByRole": [Function],
  "getAllByTestId": [Function],
  "getAllByText": [Function],
  "getAllByTitle": [Function],
  "getByAltText": [Function],
  "getByDisplayValue": [Function],
  "getByLabelText": [Function],
  "getByPlaceholderText": [Function],
  "getByRole": [Function],
  "getByTestId": [Function],
  "getByText": [Function],
  "getByTitle": [Function],
  "queryAllByAltText": [Function],
  "queryAllByDisplayValue": [Function],
  "queryAllByLabelText": [Function],
  "queryAllByPlaceholderText": [Function],
  "queryAllByRole": [Function],
  "queryAllByTestId": [Function],
  "queryAllByText": [Function],
  "queryAllByTitle": [Function],
  "queryByAltText": [Function],
  "queryByDisplayValue": [Function],
  "queryByLabelText": [Function],
  "queryByPlaceholderText": [Function],
  "queryByRole": [Function],
  "queryByTestId": [Function],
  "queryByText": [Function],
  "queryByTitle": [Function],
  "rerender": [Function],
  "unmount": [Function],
}
`;

exports[`AvatarGroup component snapshot 
  list: [{"firstName":"John","lastName":"Doe","image":"[ReactNode]"},{"firstName":"Steven","lastName":"Packton","image":"[ReactNode]"}], size: "regular"
 1`] = `
Object {
  "asFragment": [Function],
  "baseElement": <body>
    <div>
      <div
        class="AvatarGroup d-inline-flex"
        data-test="DesignSystem-AvatarGroup"
      >
        <div
          class="AvatarGroup-item AvatarGroup-item--regular"
          data-test="DesignSystem-AvatarGroup--Avatar"
          style="background-color: white; box-shadow: 0 0 0  calc(var(--spacing-xs) + var(--spacing-s)) white;"
        >
          <style />
          <div
            class="OutsideClick PopperWrapper-trigger flex-grow-0"
          >
            <span
              class=""
              data-test="DesignSystem-AvatarWrapper"
              role="presentation"
            >
              <span
                class="Avatar Avatar--regular Avatar--accent1"
                data-test="DesignSystem-Avatar"
              >
                <img
                  alt="John"
                  data-test="DesignSystem-Image"
                  height="32"
                  src="https://design.innovaccer.com/images/withoutType.png"
                  width="32"
                />
              </span>
            </span>
          </div>
        </div>
        <div
          class="AvatarGroup-item AvatarGroup-item--regular"
          data-test="DesignSystem-AvatarGroup--Avatar"
          style="background-color: white; box-shadow: 0 0 0  calc(var(--spacing-xs) + var(--spacing-s)) white;"
        >
          <style />
          <div
            class="OutsideClick PopperWrapper-trigger flex-grow-0"
          >
            <span
              class=""
              data-test="DesignSystem-AvatarWrapper"
              role="presentation"
            >
              <span
                class="Avatar Avatar--regular Avatar--alert"
                data-test="DesignSystem-Avatar"
              >
                <img
                  alt="Steven"
                  data-test="DesignSystem-Image"
                  height="32"
                  src="https://design.innovaccer.com/images/withoutType.png"
                  width="32"
                />
              </span>
            </span>
          </div>
        </div>
      </div>
    </div>
  </body>,
  "container": <div>
    <div
      class="AvatarGroup d-inline-flex"
      data-test="DesignSystem-AvatarGroup"
    >
      <div
        class="AvatarGroup-item AvatarGroup-item--regular"
        data-test="DesignSystem-AvatarGroup--Avatar"
        style="background-color: white; box-shadow: 0 0 0  calc(var(--spacing-xs) + var(--spacing-s)) white;"
      >
        <style />
        <div
          class="OutsideClick PopperWrapper-trigger flex-grow-0"
        >
          <span
            class=""
            data-test="DesignSystem-AvatarWrapper"
            role="presentation"
          >
            <span
              class="Avatar Avatar--regular Avatar--accent1"
              data-test="DesignSystem-Avatar"
            >
              <img
                alt="John"
                data-test="DesignSystem-Image"
                height="32"
                src="https://design.innovaccer.com/images/withoutType.png"
                width="32"
              />
            </span>
          </span>
        </div>
      </div>
      <div
        class="AvatarGroup-item AvatarGroup-item--regular"
        data-test="DesignSystem-AvatarGroup--Avatar"
        style="background-color: white; box-shadow: 0 0 0  calc(var(--spacing-xs) + var(--spacing-s)) white;"
      >
        <style />
        <div
          class="OutsideClick PopperWrapper-trigger flex-grow-0"
        >
          <span
            class=""
            data-test="DesignSystem-AvatarWrapper"
            role="presentation"
          >
            <span
              class="Avatar Avatar--regular Avatar--alert"
              data-test="DesignSystem-Avatar"
            >
              <img
                alt="Steven"
                data-test="DesignSystem-Image"
                height="32"
                src="https://design.innovaccer.com/images/withoutType.png"
                width="32"
              />
            </span>
          </span>
        </div>
      </div>
    </div>
  </div>,
  "debug": [Function],
  "findAllByAltText": [Function],
  "findAllByDisplayValue": [Function],
  "findAllByLabelText": [Function],
  "findAllByPlaceholderText": [Function],
  "findAllByRole": [Function],
  "findAllByTestId": [Function],
  "findAllByText": [Function],
  "findAllByTitle": [Function],
  "findByAltText": [Function],
  "findByDisplayValue": [Function],
  "findByLabelText": [Function],
  "findByPlaceholderText": [Function],
  "findByRole": [Function],
  "findByTestId": [Function],
  "findByText": [Function],
  "findByTitle": [Function],
  "getAllByAltText": [Function],
  "getAllByDisplayValue": [Function],
  "getAllByLabelText": [Function],
  "getAllByPlaceholderText": [Function],
  "getAllByRole": [Function],
  "getAllByTestId": [Function],
  "getAllByText": [Function],
  "getAllByTitle": [Function],
  "getByAltText": [Function],
  "getByDisplayValue": [Function],
  "getByLabelText": [Function],
  "getByPlaceholderText": [Function],
  "getByRole": [Function],
  "getByTestId": [Function],
  "getByText": [Function],
  "getByTitle": [Function],
  "queryAllByAltText": [Function],
  "queryAllByDisplayValue": [Function],
  "queryAllByLabelText": [Function],
  "queryAllByPlaceholderText": [Function],
  "queryAllByRole": [Function],
  "queryAllByTestId": [Function],
  "queryAllByText": [Function],
  "queryAllByTitle": [Function],
  "queryByAltText": [Function],
  "queryByDisplayValue": [Function],
  "queryByLabelText": [Function],
  "queryByPlaceholderText": [Function],
  "queryByRole": [Function],
  "queryByTestId": [Function],
  "queryByText": [Function],
  "queryByTitle": [Function],
  "rerender": [Function],
  "unmount": [Function],
}
`;

exports[`AvatarGroup component snapshot 
  list: [{"firstName":"John","lastName":"Doe","image":"[ReactNode]"},{"firstName":"Steven","lastName":"Packton","image":"[ReactNode]"}], size: "tiny"
 1`] = `
Object {
  "asFragment": [Function],
  "baseElement": <body>
    <div>
      <div
        class="AvatarGroup d-inline-flex"
        data-test="DesignSystem-AvatarGroup"
      >
        <div
          class="AvatarGroup-item AvatarGroup-item--tiny"
          data-test="DesignSystem-AvatarGroup--Avatar"
          style="background-color: white; box-shadow: 0 0 0  var(--spacing-s) white;"
        >
          <style />
          <div
            class="OutsideClick PopperWrapper-trigger flex-grow-0"
          >
            <span
              class=""
              data-test="DesignSystem-AvatarWrapper"
              role="presentation"
            >
              <span
                class="Avatar Avatar--tiny Avatar--accent1"
                data-test="DesignSystem-Avatar"
              >
                <img
                  alt="John"
                  data-test="DesignSystem-Image"
                  height="24"
                  src="https://design.innovaccer.com/images/withoutType.png"
                  width="24"
                />
              </span>
            </span>
          </div>
        </div>
        <div
          class="AvatarGroup-item AvatarGroup-item--tiny"
          data-test="DesignSystem-AvatarGroup--Avatar"
          style="background-color: white; box-shadow: 0 0 0  var(--spacing-s) white;"
        >
          <style />
          <div
            class="OutsideClick PopperWrapper-trigger flex-grow-0"
          >
            <span
              class=""
              data-test="DesignSystem-AvatarWrapper"
              role="presentation"
            >
              <span
                class="Avatar Avatar--tiny Avatar--alert"
                data-test="DesignSystem-Avatar"
              >
                <img
                  alt="Steven"
                  data-test="DesignSystem-Image"
                  height="24"
                  src="https://design.innovaccer.com/images/withoutType.png"
                  width="24"
                />
              </span>
            </span>
          </div>
        </div>
      </div>
    </div>
  </body>,
  "container": <div>
    <div
      class="AvatarGroup d-inline-flex"
      data-test="DesignSystem-AvatarGroup"
    >
      <div
        class="AvatarGroup-item AvatarGroup-item--tiny"
        data-test="DesignSystem-AvatarGroup--Avatar"
        style="background-color: white; box-shadow: 0 0 0  var(--spacing-s) white;"
      >
        <style />
        <div
          class="OutsideClick PopperWrapper-trigger flex-grow-0"
        >
          <span
            class=""
            data-test="DesignSystem-AvatarWrapper"
            role="presentation"
          >
            <span
              class="Avatar Avatar--tiny Avatar--accent1"
              data-test="DesignSystem-Avatar"
            >
              <img
                alt="John"
                data-test="DesignSystem-Image"
                height="24"
                src="https://design.innovaccer.com/images/withoutType.png"
                width="24"
              />
            </span>
          </span>
        </div>
      </div>
      <div
        class="AvatarGroup-item AvatarGroup-item--tiny"
        data-test="DesignSystem-AvatarGroup--Avatar"
        style="background-color: white; box-shadow: 0 0 0  var(--spacing-s) white;"
      >
        <style />
        <div
          class="OutsideClick PopperWrapper-trigger flex-grow-0"
        >
          <span
            class=""
            data-test="DesignSystem-AvatarWrapper"
            role="presentation"
          >
            <span
              class="Avatar Avatar--tiny Avatar--alert"
              data-test="DesignSystem-Avatar"
            >
              <img
                alt="Steven"
                data-test="DesignSystem-Image"
                height="24"
                src="https://design.innovaccer.com/images/withoutType.png"
                width="24"
              />
            </span>
          </span>
        </div>
      </div>
    </div>
  </div>,
  "debug": [Function],
  "findAllByAltText": [Function],
  "findAllByDisplayValue": [Function],
  "findAllByLabelText": [Function],
  "findAllByPlaceholderText": [Function],
  "findAllByRole": [Function],
  "findAllByTestId": [Function],
  "findAllByText": [Function],
  "findAllByTitle": [Function],
  "findByAltText": [Function],
  "findByDisplayValue": [Function],
  "findByLabelText": [Function],
  "findByPlaceholderText": [Function],
  "findByRole": [Function],
  "findByTestId": [Function],
  "findByText": [Function],
  "findByTitle": [Function],
  "getAllByAltText": [Function],
  "getAllByDisplayValue": [Function],
  "getAllByLabelText": [Function],
  "getAllByPlaceholderText": [Function],
  "getAllByRole": [Function],
  "getAllByTestId": [Function],
  "getAllByText": [Function],
  "getAllByTitle": [Function],
  "getByAltText": [Function],
  "getByDisplayValue": [Function],
  "getByLabelText": [Function],
  "getByPlaceholderText": [Function],
  "getByRole": [Function],
  "getByTestId": [Function],
  "getByText": [Function],
  "getByTitle": [Function],
  "queryAllByAltText": [Function],
  "queryAllByDisplayValue": [Function],
  "queryAllByLabelText": [Function],
  "queryAllByPlaceholderText": [Function],
  "queryAllByRole": [Function],
  "queryAllByTestId": [Function],
  "queryAllByText": [Function],
  "queryAllByTitle": [Function],
  "queryByAltText": [Function],
  "queryByDisplayValue": [Function],
  "queryByLabelText": [Function],
  "queryByPlaceholderText": [Function],
  "queryByRole": [Function],
  "queryByTestId": [Function],
  "queryByText": [Function],
  "queryByTitle": [Function],
  "rerender": [Function],
  "unmount": [Function],
}
`;
