// Jest Snapshot v1, https://goo.gl/fbAQLP

exports[`StatusHint component 
  appearance: "alert", size: "regular"
 1`] = `
<body>
  <div>
    <div
      class="StatusHint"
      data-test="DesignSystem-StatusHint"
    >
      <span
        class="StatusHint-icon StatusHint--alert mr-4"
        data-test="DesignSystem-StatusHint--Icon"
      />
      <span
        class="Text Text--default Text--medium Text--regular"
        data-test="DesignSystem-StatusHint--Text"
      >
        StatusHint
      </span>
    </div>
  </div>
</body>
`;

exports[`StatusHint component 
  appearance: "alert", size: "small"
 1`] = `
<body>
  <div>
    <div
      class="StatusHint"
      data-test="DesignSystem-StatusHint"
    >
      <span
        class="StatusHint-icon StatusHint--alert mr-3-5"
        data-test="DesignSystem-StatusHint--Icon"
      />
      <span
        class="Text Text--default Text--medium Text--small"
        data-test="DesignSystem-StatusHint--Text"
      >
        StatusHint
      </span>
    </div>
  </div>
</body>
`;

exports[`StatusHint component 
  appearance: "default", size: "regular"
 1`] = `
<body>
  <div>
    <div
      class="StatusHint"
      data-test="DesignSystem-StatusHint"
    >
      <span
        class="StatusHint-icon StatusHint--default mr-4"
        data-test="DesignSystem-StatusHint--Icon"
      />
      <span
        class="Text Text--default Text--medium Text--regular"
        data-test="DesignSystem-StatusHint--Text"
      >
        StatusHint
      </span>
    </div>
  </div>
</body>
`;

exports[`StatusHint component 
  appearance: "default", size: "small"
 1`] = `
<body>
  <div>
    <div
      class="StatusHint"
      data-test="DesignSystem-StatusHint"
    >
      <span
        class="StatusHint-icon StatusHint--default mr-3-5"
        data-test="DesignSystem-StatusHint--Icon"
      />
      <span
        class="Text Text--default Text--medium Text--small"
        data-test="DesignSystem-StatusHint--Text"
      >
        StatusHint
      </span>
    </div>
  </div>
</body>
`;

exports[`StatusHint component 
  appearance: "info", size: "regular"
 1`] = `
<body>
  <div>
    <div
      class="StatusHint"
      data-test="DesignSystem-StatusHint"
    >
      <span
        class="StatusHint-icon StatusHint--info mr-4"
        data-test="DesignSystem-StatusHint--Icon"
      />
      <span
        class="Text Text--default Text--medium Text--regular"
        data-test="DesignSystem-StatusHint--Text"
      >
        StatusHint
      </span>
    </div>
  </div>
</body>
`;

exports[`StatusHint component 
  appearance: "info", size: "small"
 1`] = `
<body>
  <div>
    <div
      class="StatusHint"
      data-test="DesignSystem-StatusHint"
    >
      <span
        class="StatusHint-icon StatusHint--info mr-3-5"
        data-test="DesignSystem-StatusHint--Icon"
      />
      <span
        class="Text Text--default Text--medium Text--small"
        data-test="DesignSystem-StatusHint--Text"
      >
        StatusHint
      </span>
    </div>
  </div>
</body>
`;

exports[`StatusHint component 
  appearance: "success", size: "regular"
 1`] = `
<body>
  <div>
    <div
      class="StatusHint"
      data-test="DesignSystem-StatusHint"
    >
      <span
        class="StatusHint-icon StatusHint--success mr-4"
        data-test="DesignSystem-StatusHint--Icon"
      />
      <span
        class="Text Text--default Text--medium Text--regular"
        data-test="DesignSystem-StatusHint--Text"
      >
        StatusHint
      </span>
    </div>
  </div>
</body>
`;

exports[`StatusHint component 
  appearance: "success", size: "small"
 1`] = `
<body>
  <div>
    <div
      class="StatusHint"
      data-test="DesignSystem-StatusHint"
    >
      <span
        class="StatusHint-icon StatusHint--success mr-3-5"
        data-test="DesignSystem-StatusHint--Icon"
      />
      <span
        class="Text Text--default Text--medium Text--small"
        data-test="DesignSystem-StatusHint--Text"
      >
        StatusHint
      </span>
    </div>
  </div>
</body>
`;

exports[`StatusHint component 
  appearance: "warning", size: "regular"
 1`] = `
<body>
  <div>
    <div
      class="StatusHint"
      data-test="DesignSystem-StatusHint"
    >
      <span
        class="StatusHint-icon StatusHint--warning mr-4"
        data-test="DesignSystem-StatusHint--Icon"
      />
      <span
        class="Text Text--default Text--medium Text--regular"
        data-test="DesignSystem-StatusHint--Text"
      >
        StatusHint
      </span>
    </div>
  </div>
</body>
`;

exports[`StatusHint component 
  appearance: "warning", size: "small"
 1`] = `
<body>
  <div>
    <div
      class="StatusHint"
      data-test="DesignSystem-StatusHint"
    >
      <span
        class="StatusHint-icon StatusHint--warning mr-3-5"
        data-test="DesignSystem-StatusHint--Icon"
      />
      <span
        class="Text Text--default Text--medium Text--small"
        data-test="DesignSystem-StatusHint--Text"
      >
        StatusHint
      </span>
    </div>
  </div>
</body>
`;
